read operation timed out: no idea
too many requests: change API key